[0m13:07:04.763347 [debug] [MainThread]: Sending event: {'category': 'dbt', 'action': 'invocation', 'label': 'start', 'context': [<snowplow_tracker.self_describing_json.SelfDescribingJson object at 0x000001F12DC7B8C0>, <snowplow_tracker.self_describing_json.SelfDescribingJson object at 0x000001F12B5D0690>, <snowplow_tracker.self_describing_json.SelfDescribingJson object at 0x000001F1305F79D0>]}


============================== 13:07:04.770137 | def2b4f9-907a-44b4-bf62-91ccab0fd9c8 ==============================
[0m13:07:04.770137 [info ] [MainThread]: Running with dbt=1.12.3
[0m13:07:04.770654 [debug] [MainThread]: running dbt with arguments {'version_check': 'True', 'no_print': 'None', 'static_parser': 'True', 'target_path': 'None', 'warn_error_options': 'WarnErrorOptionsV2(error=[], warn=[], silence=[])', 'maximum_seed_size_mib': '1', 'printer_width': '80', 'write_json': 'True', 'introspect': 'True', 'log_cache_events': 'False', 'empty': 'None', 'cache_selected_only': 'False', 'log_format': 'default', 'debug': 'False', 'fail_fast': 'False', 'profiles_dir': 'C:\\Users\\acer\\.dbt', 'send_anonymous_usage_stats': 'True', 'quiet': 'False', 'warn_error': 'None', 'partial_parse': 'True', 'invocation_command': 'dbt init dbt_music', 'hints_enabled': 'True', 'indirect_selection': 'eager', 'use_experimental_parser': 'False', 'use_colors': 'True', 'log_path': 'logs'}
[0m13:07:04.784606 [info ] [MainThread]: Creating dbt configuration folder at C:\Users\acer\.dbt
[0m13:07:04.787102 [debug] [MainThread]: Starter project path: D:\Data\music-data-platform\.venv\Lib\site-packages\dbt\include\starter_project
[0m13:07:04.802106 [info ] [MainThread]: Setting up your profile.
[0m13:10:54.613622 [info ] [MainThread]: Profile dbt_music written to C:\Users\acer\.dbt\profiles.yml using target's profile_template.yml and your supplied values.
[0m13:10:54.615457 [info ] [MainThread]: Running dbt debug to validate the project...
[0m13:10:54.615885 [info ] [MainThread]: dbt version: 1.12.3
[0m13:10:54.616192 [info ] [MainThread]: python version: 3.14.0
[0m13:10:54.616419 [info ] [MainThread]: python path: D:\Data\music-data-platform\.venv\Scripts\python.exe
[0m13:10:54.616624 [info ] [MainThread]: os info: Windows-11-10.0.26200-SP0
[0m13:10:54.658252 [info ] [MainThread]: Using profiles dir at C:\Users\acer\.dbt
[0m13:10:54.658700 [info ] [MainThread]: Using profiles.yml file at C:\Users\acer\.dbt\profiles.yml
[0m13:10:54.658992 [info ] [MainThread]: Using dbt_project.yml file at D:\Data\music-data-platform\dbt_music\dbt_project.yml
[0m13:10:54.659958 [info ] [MainThread]: adapter type: postgres
[0m13:10:54.660291 [info ] [MainThread]: adapter version: 1.11.0
[0m13:10:54.738029 [info ] [MainThread]: Configuration:
[0m13:10:54.738435 [info ] [MainThread]:   profiles.yml file [[32mOK found and valid[0m]
[0m13:10:54.739052 [info ] [MainThread]:   dbt_project.yml file [[32mOK found and valid[0m]
[0m13:10:54.739263 [info ] [MainThread]: Required dependencies:
[0m13:10:54.739472 [debug] [MainThread]: Executing "git --help"
[0m13:10:54.767133 [debug] [MainThread]: STDOUT: "b"usage: git [-v | --version] [-h | --help] [-C <path>] [-c <name>=<value>]\n           [--exec-path[=<path>]] [--html-path] [--man-path] [--info-path]\n           [-p | --paginate | -P | --no-pager] [--no-replace-objects] [--no-lazy-fetch]\n           [--no-optional-locks] [--no-advice] [--bare] [--git-dir=<path>]\n           [--work-tree=<path>] [--namespace=<name>] [--config-env=<name>=<envvar>]\n           <command> [<args>]\n\nThese are common Git commands used in various situations:\n\nstart a working area (see also: git help tutorial)\n   clone      Clone a repository into a new directory\n   init       Create an empty Git repository or reinitialize an existing one\n\nwork on the current change (see also: git help everyday)\n   add        Add file contents to the index\n   mv         Move or rename a file, a directory, or a symlink\n   restore    Restore working tree files\n   rm         Remove files from the working tree and from the index\n\nexamine the history and state (see also: git help revisions)\n   bisect     Use binary search to find the commit that introduced a bug\n   diff       Show changes between commits, commit and working tree, etc\n   grep       Print lines matching a pattern\n   log        Show commit logs\n   show       Show various types of objects\n   status     Show the working tree status\n\ngrow, mark and tweak your common history\n   backfill   Download missing objects in a partial clone\n   branch     List, create, or delete branches\n   commit     Record changes to the repository\n   merge      Join two or more development histories together\n   rebase     Reapply commits on top of another base tip\n   reset      Reset current HEAD to the specified state\n   switch     Switch branches\n   tag        Create, list, delete or verify a tag object signed with GPG\n\ncollaborate (see also: git help workflows)\n   fetch      Download objects and refs from another repository\n   pull       Fetch from and integrate with another repository or a local branch\n   push       Update remote refs along with associated objects\n\n'git help -a' and 'git help -g' list available subcommands and some\nconcept guides. See 'git help <command>' or 'git help <concept>'\nto read about a specific subcommand or concept.\nSee 'git help git' for an overview of the system.\n""
[0m13:10:54.767529 [debug] [MainThread]: STDERR: "b''"
[0m13:10:54.767841 [info ] [MainThread]:  - git [[32mOK found[0m]

[0m13:10:54.768169 [info ] [MainThread]: Connection:
[0m13:10:54.768521 [info ] [MainThread]:   host: localhost
[0m13:10:54.768790 [info ] [MainThread]:   port: 5433
[0m13:10:54.769023 [info ] [MainThread]:   user: music_user
[0m13:10:54.769228 [info ] [MainThread]:   database: music_db
[0m13:10:54.769445 [info ] [MainThread]:   schema: analytics
[0m13:10:54.769693 [info ] [MainThread]:   connect_timeout: 10
[0m13:10:54.769946 [info ] [MainThread]:   role: None
[0m13:10:54.770155 [info ] [MainThread]:   search_path: None
[0m13:10:54.770339 [info ] [MainThread]:   keepalives_idle: 0
[0m13:10:54.770513 [info ] [MainThread]:   sslmode: None
[0m13:10:54.770682 [info ] [MainThread]:   sslcert: None
[0m13:10:54.770847 [info ] [MainThread]:   sslkey: None
[0m13:10:54.771058 [info ] [MainThread]:   sslrootcert: None
[0m13:10:54.771271 [info ] [MainThread]:   application_name: dbt
[0m13:10:54.771692 [info ] [MainThread]:   autocommit: False
[0m13:10:54.772158 [info ] [MainThread]:   retries: 1
[0m13:10:54.772569 [info ] [MainThread]: Registered adapter: postgres=1.11.0
[0m13:10:54.897287 [debug] [MainThread]: Acquiring new postgres connection 'debug'
[0m13:10:57.114405 [debug] [MainThread]: Using postgres connection "debug"
[0m13:10:57.114664 [debug] [MainThread]: On debug: select 1 as id
[0m13:10:57.114855 [debug] [MainThread]: Opening a new connection, currently in state init
[0m13:10:57.130480 [debug] [MainThread]: SQL status: SELECT 1 in 0.016 seconds
[0m13:10:57.131205 [debug] [MainThread]: On debug: Close
[0m13:10:57.131936 [info ] [MainThread]:   Connection test: [[32mOK connection ok[0m]

[0m13:10:57.133183 [info ] [MainThread]: [32mAll checks passed![0m
[0m13:10:57.133590 [info ] [MainThread]: Your new dbt project "dbt_music" was created!
Initialized new project in D:\Data\music-data-platform\dbt_music\dbt_music

For more information on how to configure the profiles.yml file,
please consult the dbt documentation here:

  https://docs.getdbt.com/docs/configure-your-profile

One more thing:

Need help? Don't hesitate to reach out to us via GitHub issues or on Slack:

  https://community.getdbt.com/

Happy modeling!

[0m13:10:57.134763 [debug] [MainThread]: Command `dbt init` succeeded at 13:10:57.134631 after 232.47 seconds
[0m13:10:57.135041 [debug] [MainThread]: Connection 'debug' was properly closed.
[0m13:10:57.135358 [debug] [MainThread]: Sending event: {'category': 'dbt', 'action': 'invocation', 'label': 'end', 'context': [<snowplow_tracker.self_describing_json.SelfDescribingJson object at 0x000001F130462B10>, <snowplow_tracker.self_describing_json.SelfDescribingJson object at 0x000001F13091DEB0>, <snowplow_tracker.self_describing_json.SelfDescribingJson object at 0x000001F12E884490>]}
[0m13:10:57.135770 [debug] [MainThread]: Flushing usage events
[0m13:10:58.386568 [debug] [MainThread]: An error was encountered while trying to flush usage events
[0m13:27:17.983924 [debug] [MainThread]: Sending event: {'category': 'dbt', 'action': 'invocation', 'label': 'start', 'context': [<snowplow_tracker.self_describing_json.SelfDescribingJson object at 0x0000021BAE65F8C0>, <snowplow_tracker.self_describing_json.SelfDescribingJson object at 0x0000021BABFA0690>, <snowplow_tracker.self_describing_json.SelfDescribingJson object at 0x0000021BB0F9B9D0>]}


============================== 13:27:17.990693 | daa96f8e-389b-4329-bd54-2012a4a8a1b5 ==============================
[0m13:27:17.990693 [info ] [MainThread]: Running with dbt=1.12.3
[0m13:27:17.991195 [debug] [MainThread]: running dbt with arguments {'maximum_seed_size_mib': '1', 'no_print': 'None', 'static_parser': 'True', 'target_path': 'None', 'warn_error_options': 'WarnErrorOptionsV2(error=[], warn=[], silence=[])', 'version_check': 'True', 'printer_width': '80', 'write_json': 'True', 'introspect': 'True', 'log_cache_events': 'False', 'empty': 'False', 'cache_selected_only': 'False', 'log_format': 'default', 'debug': 'False', 'fail_fast': 'False', 'profiles_dir': 'C:\\Users\\acer\\.dbt', 'send_anonymous_usage_stats': 'True', 'quiet': 'False', 'warn_error': 'None', 'partial_parse': 'True', 'invocation_command': 'dbt run', 'hints_enabled': 'True', 'use_colors': 'True', 'use_experimental_parser': 'False', 'indirect_selection': 'eager', 'log_path': 'logs'}
[0m13:27:17.991610 [error] [MainThread]: [[31mERROR[0m]: Encountered an error:
Runtime Error
  No dbt_project.yml found at expected path D:\Data\music-data-platform\dbt_project.yml
  Verify that each entry within packages.yml (and their transitive dependencies) contains a file named dbt_project.yml
  
[0m13:27:17.992150 [debug] [MainThread]: Command `dbt run` failed at 13:27:17.992063 after 0.13 seconds
[0m13:27:17.992400 [debug] [MainThread]: Sending event: {'category': 'dbt', 'action': 'invocation', 'label': 'end', 'context': [<snowplow_tracker.self_describing_json.SelfDescribingJson object at 0x0000021BB1148640>, <snowplow_tracker.self_describing_json.SelfDescribingJson object at 0x0000021BB1071370>, <snowplow_tracker.self_describing_json.SelfDescribingJson object at 0x0000021BB106A030>]}
[0m13:27:17.992631 [debug] [MainThread]: Flushing usage events
[0m13:27:19.259395 [debug] [MainThread]: An error was encountered while trying to flush usage events
